// Jest Snapshot v1, https://goo.gl/fbAQLP

exports[`Snapshot of the Header component should render correctly 1`] = `
<header>
  <div
    className="container-fluid pe-4"
  >
    <h2
      className="wrap-theme"
    >
      <span>
        Track.it
      </span>
      <a
        className="center"
        href="/"
        onClick={[Function]}
      >
        <span
          className="fs-6 me-3"
        >
          Sign out
        </span>
        <svg
          className="fs-5"
          fill="currentColor"
          height="1em"
          stroke="currentColor"
          strokeWidth="0"
          style={
            Object {
              "color": undefined,
            }
          }
          viewBox="0 0 640 512"
          width="1em"
          xmlns="http://www.w3.org/2000/svg"
        >
          <path
            d="M624 448h-80V113.45C544 86.19 522.47 64 496 64H384v64h96v384h144c8.84 0 16-7.16 16-16v-32c0-8.84-7.16-16-16-16zM312.24 1.01l-192 49.74C105.99 54.44 96 67.7 96 82.92V448H16c-8.84 0-16 7.16-16 16v32c0 8.84 7.16 16 16 16h336V33.18c0-21.58-19.56-37.41-39.76-32.17zM264 288c-13.25 0-24-14.33-24-32s10.75-32 24-32 24 14.33 24 32-10.75 32-24 32z"
          />
        </svg>
      </a>
    </h2>
  </div>
</header>
`;
